
> hubbe-web-panel@0.1.0 build
> next build

Ôû▓ Next.js 16.1.6 (Turbopack)
- Environments: .env

node.exe : ÔÜá The "middleware" file convention is depr
ecated. Please use "proxy" instead. Learn more: https:/
/nextjs.org/docs/messages/middleware-to-proxy
At line:1 char:1
+ & "C:\Program Files\nodejs/node.exe" "C:\Users\1ozgu\
AppData\Roaming\ ...
+ ~~~~~~~~~~~~~~~~~~~~~~~~~~~~~~~~~~~~~~~~~~~~~~~~~~~~~
~~~~~~~~~~~~~~~~
    + CategoryInfo          : NotSpecified: (ÔÜá The " 
   middle...leware-to-proxy:String) [], RemoteExcepti  
  on
    + FullyQualifiedErrorId : NativeCommandError
 
  Creating an optimized production build ...
Ô£ô Compiled successfully in 4.7s
  Running TypeScript ...
Failed to compile.

./prisma/seed.ts:5:3
Type error: Object literal may only specify known prope
rties, and 'datasources' does not exist in type 'Subset
<PrismaClientOptions, PrismaClientOptions>'.

[0m [90m 3 |[39m
 [90m 4 |[39m [36mconst[39m prisma [33m=[39m [36
mnew[39m [33mPrismaClient[39m({
[31m[1m>[22m[39m[90m 5 |[39m   datasources[33m:
[39m {
 [90m   |[39m   [31m[1m^[22m[39m
 [90m 6 |[39m     db[33m:[39m {
 [90m 7 |[39m       url[33m:[39m process[33m.[39m
env[33m.[39m[33mDIRECT_URL[39m
 [90m 8 |[39m     }[0m
Next.js build worker exited with code: 1 and signal: nu
ll
